// Vitest Snapshot v1, https://vitest.dev/guide/snapshot.html

exports[`measure:context default run prints required keys with sane ranges 1`] = `
{
  "banner_bytes": 3445,
  "banner_bytes_reads_only": 651,
  "banner_bytes_records_via_cli": 3445,
  "cli_tool_count": 41,
  "dropped_def_bytes": 48233,
  "measured_at": Any<String>,
  "per_tool": [
    {
      "bytes": 4268,
      "name": "meta_state_log_change",
    },
    {
      "bytes": 2826,
      "name": "meta_state_promote_rule",
    },
    {
      "bytes": 2618,
      "name": "meta_state_batch",
    },
    {
      "bytes": 2352,
      "name": "meta_state_list",
    },
    {
      "bytes": 2056,
      "name": "meta_state_patch",
    },
    {
      "bytes": 1891,
      "name": "gate_mark_preflight",
    },
    {
      "bytes": 1833,
      "name": "meta_state_report",
    },
    {
      "bytes": 1631,
      "name": "runtime_state_read",
    },
    {
      "bytes": 1468,
      "name": "runtime_state_record",
    },
    {
      "bytes": 1364,
      "name": "workflow_prepare_runtime_request",
    },
    {
      "bytes": 1312,
      "name": "meta_state_propose_design",
    },
    {
      "bytes": 1309,
      "name": "meta_state_refresh_file_index",
    },
    {
      "bytes": 1284,
      "name": "loop_describe",
    },
    {
      "bytes": 1111,
      "name": "loop_get_instruction",
    },
    {
      "bytes": 1025,
      "name": "runtime_state_stop",
    },
    {
      "bytes": 1017,
      "name": "meta_state_supersede",
    },
    {
      "bytes": 982,
      "name": "workflow_self_improvement",
    },
    {
      "bytes": 980,
      "name": "meta_state_derive_status",
    },
    {
      "bytes": 966,
      "name": "workflow_report_phase_status",
    },
    {
      "bytes": 914,
      "name": "meta_state_relationship_validate",
    },
    {
      "bytes": 895,
      "name": "meta_state_ship_loop_design",
    },
    {
      "bytes": 864,
      "name": "meta_state_check_grounding",
    },
    {
      "bytes": 849,
      "name": "workflow_runtime_probe",
    },
    {
      "bytes": 833,
      "name": "gate_check",
    },
    {
      "bytes": 831,
      "name": "meta_state_touch",
    },
    {
      "bytes": 817,
      "name": "workflow_intentional_skip",
    },
    {
      "bytes": 805,
      "name": "meta_state_relationships",
    },
    {
      "bytes": 799,
      "name": "meta_state_re_verify",
    },
    {
      "bytes": 771,
      "name": "runtime_state_resume",
    },
    {
      "bytes": 745,
      "name": "meta_state_resolve",
    },
    {
      "bytes": 744,
      "name": "gate_override",
    },
    {
      "bytes": 740,
      "name": "meta_state_dispatch_finding",
    },
    {
      "bytes": 736,
      "name": "meta_state_query_drift",
    },
    {
      "bytes": 690,
      "name": "gate_check_recurrence",
    },
    {
      "bytes": 648,
      "name": "meta_state_archive",
    },
    {
      "bytes": 615,
      "name": "runtime_state_pause",
    },
    {
      "bytes": 578,
      "name": "meta_state_sweep",
    },
    {
      "bytes": 555,
      "name": "meta_state_unarchive",
    },
    {
      "bytes": 528,
      "name": "workflow_trigger",
    },
    {
      "bytes": 494,
      "name": "workflow_classify_prompt",
    },
    {
      "bytes": 489,
      "name": "workflow_notify_artifact",
    },
  ],
  "root": Any<String>,
  "savings_bytes": 44788,
  "savings_pct": 92.9,
}
`;
